[data] SYNTHETIC DEMO MODE: generating artificial data. Results are a mechanics demonstration, not market evidence.
[data] panel rows: 181,440; tickers: 120; dates: 1512
[universe] 59 formation dates; universe size 500
[factors] Value factor in use: earnings_yield (lagged 6 months).

[metrics] gross and net performance by book:
                    ann_return  ann_vol  sharpe  sortino  max_drawdown  calmar  hit_rate  total_growth  n_days
book         curve                                                                                            
decile_1     gross      0.0518   0.2018  0.3512   0.4076       -0.3810  0.1360    0.5272        1.2852    1252
             net        0.0465   0.2019  0.3263   0.3659       -0.3838  0.1212    0.5272        1.2534    1252
decile_2     gross      0.0754   0.1972  0.4673   0.6347       -0.3410  0.2212    0.5128        1.4351    1252
             net        0.0638   0.1974  0.4119   0.5345       -0.3488  0.1828    0.5104        1.3594    1252
decile_3     gross      0.0033   0.2000  0.1163   0.0265       -0.4203  0.0077    0.5000        1.0163    1252
             net       -0.0097   0.2001  0.0517  -0.0784       -0.4314 -0.0224    0.4984        0.9529    1252
decile_4     gross      0.0512   0.1898  0.3581   0.4466       -0.4081  0.1255    0.5184        1.2816    1252
             net        0.0366   0.1899  0.2841   0.3181       -0.4193  0.0872    0.5176        1.1953    1252
decile_5     gross      0.1211   0.1888  0.6997   1.0767       -0.3024  0.4004    0.5192        1.7644    1252
             net        0.1040   0.1890  0.6182   0.9216       -0.3176  0.3276    0.5176        1.6352    1252
decile_6     gross      0.1251   0.1937  0.7057   1.0547       -0.2958  0.4231    0.5232        1.7965    1252
             net        0.1082   0.1939  0.6271   0.9075       -0.3150  0.3436    0.5216        1.6662    1252
decile_7     gross      0.1522   0.1938  0.8282   1.3120       -0.2428  0.6268    0.5296        2.0216    1252
             net        0.1347   0.1938  0.7491   1.1561       -0.2467  0.5461    0.5280        1.8737    1252
decile_8     gross      0.1488   0.1911  0.8214   1.2818       -0.2220  0.6703    0.5136        1.9920    1252
             net        0.1320   0.1913  0.7440   1.1326       -0.2306  0.5725    0.5120        1.8518    1252
decile_9     gross      0.0745   0.1991  0.4607   0.5991       -0.2450  0.3042    0.5208        1.4292    1252
             net        0.0603   0.1993  0.3933   0.4826       -0.2527  0.2384    0.5208        1.3373    1252
decile_10    gross      0.1074   0.2028  0.6047   0.8820       -0.2498  0.4301    0.5200        1.6603    1252
             net        0.0995   0.2029  0.5689   0.8152       -0.2658  0.3742    0.5184        1.6018    1252
long_short   gross      0.0366   0.1581  0.3064   0.3840       -0.3218  0.1137    0.5000        1.1955    1252
             net        0.0235   0.1583  0.2260   0.2458       -0.3387  0.0694    0.4984        1.1224    1252
long_only    gross      0.1074   0.2028  0.6047   0.8820       -0.2498  0.4301    0.5200        1.6603    1252
             net        0.0995   0.2029  0.5689   0.8152       -0.2658  0.3742    0.5184        1.6018    1252
benchmark_ew gross      0.0957   0.1689  0.6256   0.9073       -0.2618  0.3655    0.5224        1.5745    1252
             net        0.0944   0.1689  0.6189   0.8954       -0.2624  0.3598    0.5224        1.5656    1252

[turnover] average per rebalance (fraction of NAV):
              avg_one_way_per_rebalance  avg_two_way_per_rebalance
book                                                              
benchmark_ew                     0.0486                     0.0972
decile_1                         0.2156                     0.4311
decile_10                        0.3084                     0.6167
decile_2                         0.4657                     0.9314
decile_3                         0.5532                     1.1065
decile_4                         0.5999                     1.1998
decile_5                         0.6548                     1.3095
decile_6                         0.6478                     1.2955
decile_7                         0.6548                     1.3097
decile_8                         0.6278                     1.2556
decile_9                         0.5710                     1.1420
long_only                        0.3084                     0.6167
long_short                       0.5428                     1.0855

[capacity] rough order-of-magnitude capacity estimate (NOT a market-impact model):
            median_adv_dollar  n_names_in_book  avg_two_way_turnover_per_rebalance  participation_rate_assumed  capacity_estimate_usd
book                                                                                                                                 
long_short       4.253966e+08              100                                1.09                        0.05           1.959393e+09
long_only        4.253966e+08               50                                0.62                        0.05           1.724375e+09

[diagnostics] rank IC summary:
          series  mean_ic  ic_std  ic_ir  pct_positive  n_periods
composite_signal    0.028  0.0973 0.2876        0.5614         57

[diagnostics] decile monotonicity (Spearman decile vs mean fwd return): 0.636

[diagnostics] factor decay:
             series  mean_ic  ic_std   ic_ir  pct_positive  n_periods
horizon_days                                                         
21              21d   0.0280  0.0973  0.2876        0.5614         57
63              63d   0.0387  0.1063  0.3639        0.6182         55
126            126d   0.0480  0.1134  0.4231        0.6346         52
252            252d   0.0822  0.0923  0.8909        0.8478         46

[diagnostics] mean rank autocorrelation: 0.949

[robustness] running formation-window perturbations, cost sensitivity, sample splits, and regime breakdown...
[factors] Value factor in use: earnings_yield (lagged 6 months).
[factors] Value factor in use: earnings_yield (lagged 6 months).
[factors] Value factor in use: earnings_yield (lagged 6 months).
               lookback  skip  ann_return_net  sharpe_net  max_drawdown_net
variant                                                                    
mom_9_1             189    21         -0.0124     -0.0036           -0.3734
mom_12_1_base       252    21          0.0235      0.2260           -0.3387
mom_12_3            252    63          0.1105      0.7484           -0.2602
                 ann_return_net  sharpe_net
cost_bps_oneway                            
0.0                      0.0366      0.3064
5.0                      0.0300      0.2662
10.0                     0.0235      0.2260
20.0                     0.0106      0.1457
                                    ann_return_net  sharpe_net  max_drawdown_net
sample                book                                                      
validation_first_half long_short            0.0173      0.1884           -0.2568
                      long_only             0.0184      0.1908           -0.2282
                      benchmark_ew          0.0077      0.1296           -0.2624
test_second_half      long_short            0.0298      0.2618           -0.1984
                      long_only             0.1870      0.9198           -0.2314
                      benchmark_ew          0.1886      1.1037           -0.1449
                                       ann_return_net  ann_vol_net  sharpe_net
regime                   book                                                 
2010-12-31 to 2015-10-19 long_short            0.0235       0.1583      0.2260
                         long_only             0.0995       0.2029      0.5689
                         benchmark_ew          0.0944       0.1689      0.6189

[robustness] calendar-year breakdown (net):
                   ann_return_net  ann_vol_net  sharpe_net  max_drawdown_net  n_days
year book                                                                           
2011 long_short           -0.0054       0.1554      0.0428           -0.1944     260
     long_only             0.1963       0.1931      1.0252           -0.1196     260
     benchmark_ew          0.1893       0.1627      1.1472           -0.0927     260
2012 long_short            0.1370       0.1471      0.9465           -0.1179     261
     long_only            -0.0676       0.1942     -0.2632           -0.1850     261
     benchmark_ew         -0.1092       0.1743     -0.5761           -0.2567     261
2013 long_short           -0.1465       0.1570     -0.9303           -0.2348     261
     long_only             0.0120       0.1973      0.1592           -0.1665     261
     benchmark_ew          0.0675       0.1628      0.4825           -0.1556     261
2014 long_short            0.2201       0.1635      1.2984           -0.1234     261
     long_only             0.1449       0.2181      0.7296           -0.2314     261
     benchmark_ew          0.1401       0.1719      0.8489           -0.1449     261
2015 long_short           -0.0632       0.1690     -0.3016           -0.1517     208
     long_only             0.2836       0.2121      1.2841           -0.0839     208
     benchmark_ew          0.2524       0.1725      1.3915           -0.0740     208

[robustness] bucket count and weighting scheme:
                           n_buckets    weighting  ann_return_net  sharpe_net  max_drawdown_net
variant                                                                                        
decile_equal_weight               10        equal          0.0235      0.2260           -0.3387
quintile_equal_weight              5        equal          0.0060      0.1094           -0.2261
decile_vol_inverse_weight         10  vol_inverse          0.0204      0.2098           -0.3557

[robustness] rebalance frequency vs turnover:
            n_formation_dates  avg_two_way_turnover_per_rebalance  ann_return_net  sharpe_net
rebalance                                                                                    
monthly                    59                              1.0855          0.0235      0.2260
quarterly                  20                              1.7946         -0.0004      0.0790
semiannual                 10                              2.4228         -0.0711     -0.3599

[robustness] negative control: shuffling the signal cross-sectionally (5 independent draws) and rerunning the backtest...
  real signal: mean IC 0.0280, long-short net Sharpe 0.2260
  shuffled signal (pooled over 5 draws): mean IC 0.0010 (t-stat 0.19), average long-short net Sharpe -0.1181 (per-draw: [-0.4287, 0.248, -0.173, -0.51, 0.2734])
  PASS  negative_control: the shuffled signal's pooled IC is statistically indistinguishable from zero (|t| = 0.19 < 2), as expected for a leak-free engine. Per-draw Sharpe values vary with sampling noise, which is itself the point: a genuine signal is stable across shuffles, a placebo is not.

[checks] running point-in-time timing audit and accounting cross-checks...
  PASS  weights_feasible: True
  PASS  no_position_before_signal: True
  PASS  returns_finite: True
  PASS  costs_reduce_performance: True
  PASS  ew_benchmark_crosscheck_corr: 0.99998
  PASS  ew_benchmark_crosscheck_growth_gap: 0.0004
  PASS  hand_check_pnl: 
  hand-check detail: {'execution_date': '2011-02-01', 'formation_date': '2011-01-31', 'n_long_names': 12, 'n_short_names': 12, 'long_weight_sum': 1.0, 'short_weight_sum': -1.0, 'engine_gross_ret': -0.011278950324721926, 'engine_net_ret': -0.012225393006648731, 'implied_cost': 0.0009464426819268054, 'hand_oc_pnl': -0.010579684576346662, 'engine_oc_pnl': -0.010579684576346662, 'turnover_two_way': 0.9464426819268046}

[output] all results written to: results_smoke/
[output] REMINDER: these results come from synthetic data and are a mechanics demonstration only.
